
> ainterm@0.13.2-alpha.0 build:dev
> electron-vite build --mode development

[36mvite v6.4.1 [32mbuilding SSR bundle for development...[36m[39m
transforming...
[32mΓ£ô[39m 1115 modules transformed.
rendering chunks...
[2mdist/main/[22m[36mchunks/wrapper-D539ruUb.js  [39m[1m[2m  116.14 kB[22m[1m[22m
[2mdist/main/[22m[36mindex.js                    [39m[1m[33m1,447.81 kB[39m[22m
[32mΓ£ô built in 4.21s[39m
[36mvite v6.4.1 [32mbuilding SSR bundle for development...[36m[39m
transforming...
[32mΓ£ô[39m 2 modules transformed.
rendering chunks...
[2mdist/preload/[22m[36mpreload-webview.cjs  [39m[1m[2m0.66 kB[22m[1m[22m[2m Γöé map: 1.43 kB[22m
[2mdist/preload/[22m[36mindex.cjs            [39m[1m[2m5.48 kB[22m[1m[22m[2m Γöé map: 9.16 kB[22m
[32mΓ£ô built in 25ms[39m
[36mvite v6.4.1 [32mbuilding for development...[36m[39m
transforming...
node.exe : [33m[plugin vite:resolve] Module "fs" has been externalized for browser compatibility, imported 
by "C:/Users/Ahmed Eltras/Desktop/waveterm/node_modules/electron/index.js". See 
https://vite.dev/guide/troubleshooting.html#module-externalized-for-browser-compatibility for more 
details.[39m
At line:1 char:1
+ & "C:\Program Files\nodejs/node.exe" "C:\Program Files\nodejs/node_mo ...
+ ~~~~~~~~~~~~~~~~~~~~~~~~~~~~~~~~~~~~~~~~~~~~~~~~~~~~~~~~~~~~~~~~~~~~~
    + CategoryInfo          : NotSpecified: ([33m[plugin vi...e details.[39m:String) [], RemoteException
    + FullyQualifiedErrorId : NativeCommandError
 
[33m[plugin vite:resolve] Module "path" has been externalized for browser compatibility, imported by 
"C:/Users/Ahmed Eltras/Desktop/waveterm/node_modules/electron/index.js". See 
https://vite.dev/guide/troubleshooting.html#module-externalized-for-browser-compatibility for more 
details.[39m
[32mΓ£ô[39m 6679 modules transformed.
[31mΓ£ù[39m Build failed in 1m 8s
[31merror during build:
[31mfrontend/app/store/focusManager.ts (2:9): "ainaiModel" is not exported by 
"frontend/app/aipanel/ainai-model.tsx", imported by "frontend/app/store/focusManager.ts".[31m
file: [36mC:/Users/Ahmed Eltras/Desktop/waveterm/frontend/app/store/focusManager.ts:2:9[31m
[33m
1: import { ainaiHasFocusWithin } from "@/app/aipanel/ainai-focus-utils";
2: import { ainaiModel } from "@/app/aipanel/ainai-model";
            ^
3: import { atoms, getBlockComponentModel } from "@/app/store/global";
4: import { globalStore } from "@/app/store/jotaiStore";
[31m
    at getRollupError 
(file:///C:/Users/Ahmed%20Eltras/Desktop/waveterm/node_modules/rollup/dist/es/shared/parseAst.js:401:41)
    at error 
(file:///C:/Users/Ahmed%20Eltras/Desktop/waveterm/node_modules/rollup/dist/es/shared/parseAst.js:397:42)
    at Module.error 
(file:///C:/Users/Ahmed%20Eltras/Desktop/waveterm/node_modules/rollup/dist/es/shared/node-entry.js:16920:16)
    at Module.traceVariable 
(file:///C:/Users/Ahmed%20Eltras/Desktop/waveterm/node_modules/rollup/dist/es/shared/node-entry.js:17372:29)
    at ModuleScope.findVariable 
(file:///C:/Users/Ahmed%20Eltras/Desktop/waveterm/node_modules/rollup/dist/es/shared/node-entry.js:15042:39)
    at ChildScope.findVariable 
(file:///C:/Users/Ahmed%20Eltras/Desktop/waveterm/node_modules/rollup/dist/es/shared/node-entry.js:5629:38)
    at ClassBodyScope.findVariable 
(file:///C:/Users/Ahmed%20Eltras/Desktop/waveterm/node_modules/rollup/dist/es/shared/node-entry.js:5629:38)
    at ChildScope.findVariable 
(file:///C:/Users/Ahmed%20Eltras/Desktop/waveterm/node_modules/rollup/dist/es/shared/node-entry.js:5629:38)
    at ChildScope.findVariable 
(file:///C:/Users/Ahmed%20Eltras/Desktop/waveterm/node_modules/rollup/dist/es/shared/node-entry.js:5629:38)
    at FunctionScope.findVariable 
(file:///C:/Users/Ahmed%20Eltras/Desktop/waveterm/node_modules/rollup/dist/es/shared/node-entry.js:5629:38)
    at FunctionBodyScope.findVariable 
(file:///C:/Users/Ahmed%20Eltras/Desktop/waveterm/node_modules/rollup/dist/es/shared/node-entry.js:5629:38)
    at TrackingScope.findVariable 
(file:///C:/Users/Ahmed%20Eltras/Desktop/waveterm/node_modules/rollup/dist/es/shared/node-entry.js:5629:38)
    at BlockScope.findVariable 
(file:///C:/Users/Ahmed%20Eltras/Desktop/waveterm/node_modules/rollup/dist/es/shared/node-entry.js:5629:38)
    at MemberExpression.bind 
(file:///C:/Users/Ahmed%20Eltras/Desktop/waveterm/node_modules/rollup/dist/es/shared/node-entry.js:7336:49)
    at CallExpression.bind 
(file:///C:/Users/Ahmed%20Eltras/Desktop/waveterm/node_modules/rollup/dist/es/shared/node-entry.js:2791:23)
    at CallExpression.bind 
(file:///C:/Users/Ahmed%20Eltras/Desktop/waveterm/node_modules/rollup/dist/es/shared/node-entry.js:12068:15)
    at MemberExpression.bind 
(file:///C:/Users/Ahmed%20Eltras/Desktop/waveterm/node_modules/rollup/dist/es/shared/node-entry.js:2791:23)
    at MemberExpression.bind 
(file:///C:/Users/Ahmed%20Eltras/Desktop/waveterm/node_modules/rollup/dist/es/shared/node-entry.js:7351:19)
    at CallExpression.bind 
(file:///C:/Users/Ahmed%20Eltras/Desktop/waveterm/node_modules/rollup/dist/es/shared/node-entry.js:2791:23)
    at CallExpression.bind 
(file:///C:/Users/Ahmed%20Eltras/Desktop/waveterm/node_modules/rollup/dist/es/shared/node-entry.js:12068:15)
    at ExpressionStatement.bind 
(file:///C:/Users/Ahmed%20Eltras/Desktop/waveterm/node_modules/rollup/dist/es/shared/node-entry.js:2791:23)
    at BlockStatement.bind 
(file:///C:/Users/Ahmed%20Eltras/Desktop/waveterm/node_modules/rollup/dist/es/shared/node-entry.js:2787:28)
    at IfStatement.bind 
(file:///C:/Users/Ahmed%20Eltras/Desktop/waveterm/node_modules/rollup/dist/es/shared/node-entry.js:2791:23)
    at BlockStatement.bind 
(file:///C:/Users/Ahmed%20Eltras/Desktop/waveterm/node_modules/rollup/dist/es/shared/node-entry.js:2787:28)
    at FunctionExpression.bind 
(file:///C:/Users/Ahmed%20Eltras/Desktop/waveterm/node_modules/rollup/dist/es/shared/node-entry.js:2791:23)
    at MethodDefinition.bind 
(file:///C:/Users/Ahmed%20Eltras/Desktop/waveterm/node_modules/rollup/dist/es/shared/node-entry.js:2791:23)
    at ClassBody.bind 
(file:///C:/Users/Ahmed%20Eltras/Desktop/waveterm/node_modules/rollup/dist/es/shared/node-entry.js:2787:28)
    at ClassDeclaration.bind 
(file:///C:/Users/Ahmed%20Eltras/Desktop/waveterm/node_modules/rollup/dist/es/shared/node-entry.js:2791:23)
    at ExportNamedDeclaration.bind 
(file:///C:/Users/Ahmed%20Eltras/Desktop/waveterm/node_modules/rollup/dist/es/shared/node-entry.js:12592:27)
    at Program.bind 
(file:///C:/Users/Ahmed%20Eltras/Desktop/waveterm/node_modules/rollup/dist/es/shared/node-entry.js:2787:28)
    at Module.bindReferences 
(file:///C:/Users/Ahmed%20Eltras/Desktop/waveterm/node_modules/rollup/dist/es/shared/node-entry.js:16899:18)
    at Graph.sortModules 
(file:///C:/Users/Ahmed%20Eltras/Desktop/waveterm/node_modules/rollup/dist/es/shared/node-entry.js:22695:20)
    at Graph.build 
(file:///C:/Users/Ahmed%20Eltras/Desktop/waveterm/node_modules/rollup/dist/es/shared/node-entry.js:22593:14)
    at async 
file:///C:/Users/Ahmed%20Eltras/Desktop/waveterm/node_modules/rollup/dist/es/shared/node-entry.js:23283:13
    at async catchUnfinishedHookActions 
(file:///C:/Users/Ahmed%20Eltras/Desktop/waveterm/node_modules/rollup/dist/es/shared/node-entry.js:22754:16)
    at async rollupInternal 
(file:///C:/Users/Ahmed%20Eltras/Desktop/waveterm/node_modules/rollup/dist/es/shared/node-entry.js:23278:5)
    at async buildEnvironment (file:///C:/Users/Ahmed%20Eltras/Desktop/waveterm/node_modules/vite/dist/node/
chunks/dep-D4NMHUTW.js:46235:14)
    at async build (file:///C:/Users/Ahmed%20Eltras/Desktop/waveterm/node_modules/electron-vite/dist/chunks/
lib-Dka6CI8R.js:40:13)
    at async CAC.<anonymous> 
(file:///C:/Users/Ahmed%20Eltras/Desktop/waveterm/node_modules/electron-vite/dist/cli.js:83:9)[39m
